{
    "file": {
        "deviceid": "useyournose-xeroconv",
        "name": "55grs FOX - 23,90grs D073.4.csv",
        "title": "55grs FOX - 23,90grs D073.4.csv"
    },
    "shots": [
        {
            "energy": 1621.4,
            "shotnumber": 1,
            "timestamp": 1739009816,
            "velocity": 953.9
        },
        {
            "energy": 1543.6,
            "shotnumber": 2,
            "timestamp": 1739009835,
            "velocity": 930.7
        },
        {
            "energy": 1535.9,
            "shotnumber": 3,
            "timestamp": 1739009855,
            "velocity": 928.4
        },
        {
            "energy": 1580.1,
            "shotnumber": 4,
            "timestamp": 1739009889,
            "velocity": 941.6
        },
        {
            "energy": 1573.6,
            "shotnumber": 5,
            "timestamp": 1739009903,
            "velocity": 939.7
        }
    ],
    "stats": {
        "projectile": 55,
        "shots_total": 5,
        "speed_avg": 938.86,
        "speed_es": 3.3,
        "speed_max": 953.9,
        "speed_min": 928.4,
        "speed_sd": 25.5,
        "timestamp": 1739009760,
        "timezone": 0
    },
    "units": {
        "distance": false,
        "energy": false,
        "velocity": false,
        "weight": true
    }
}